adhikari@ifarm1101> cd GitTests/
adhikari@ifarm1101> mkdir Proj1
adhikari@ifarm1101> cd Proj1/
adhikari@ifarm1101> ls -a
.  ..
adhikari@ifarm1101> pwd
/lustre/expphy/volatile/clas/claseg4/adhikari/Tests/GitTests/Proj1
adhikari@ifarm1101> ls -a
.  ..
adhikari@ifarm1101> git init
Initialized empty Git repository in /lustre/expphy/volatile/clas/claseg4/adhikari/Tests/GitTests/Proj1/.git/
adhikari@ifarm1101> ls -a
.  ..  .git
adhikari@ifarm1101> e whatI_did_here.txt &
adhikari@ifarm1101> ls -a
.  ..  .git  whatI_did_here.txt
adhikari@ifarm1101> git status
On branch master

Initial commit

Untracked files:
  (use "git add <file>..." to include in what will be committed)

        whatI_did_here.txt
        whatI_did_here.txt~

nothing added to commit but untracked files present (use "git add" to track)
adhikari@ifarm1101> ls
whatI_did_here.txt  whatI_did_here.txt~
adhikari@ifarm1101>
adhikari@ifarm1101> touch kpadhikari.txt
adhikari@ifarm1101> ls
kpadhikari.txt  whatI_did_here.txt  whatI_did_here.txt~
adhikari@ifarm1101> m kpadhikari.txt
adhikari@ifarm1101> git status
On branch master

Initial commit

Untracked files:
  (use "git add <file>..." to include in what will be committed)

        kpadhikari.txt
        whatI_did_here.txt
        whatI_did_here.txt~

nothing added to commit but untracked files present (use "git add" to track)
adhikari@ifarm1101>
adhikari@ifarm1101> git add kpadhikari.txt 
adhikari@ifarm1101> git status
On branch master

Initial commit

Changes to be committed:
  (use "git rm --cached <file>..." to unstage)

        new file:   kpadhikari.txt

Untracked files:
  (use "git add <file>..." to include in what will be committed)

        whatI_did_here.txt
        whatI_did_here.txt~

adhikari@ifarm1101> git add whatI_did_here.txt
adhikari@ifarm1101> git status
On branch master

Initial commit

Changes to be committed:
  (use "git rm --cached <file>..." to unstage)

        new file:   kpadhikari.txt
        new file:   whatI_did_here.txt

Changes not staged for commit:
  (use "git add <file>..." to update what will be committed)
  (use "git checkout -- <file>..." to discard changes in working directory)

        modified:   whatI_did_here.txt

Untracked files:
  (use "git add <file>..." to include in what will be committed)

        whatI_did_here.txt~

adhikari@ifarm1101> 
adhikari@ifarm1101> git commit -m "This is my first commit."
[master (root-commit) ebd0baf] This is my first commit.
 2 files changed, 49 insertions(+)
 create mode 100644 kpadhikari.txt
 create mode 100644 whatI_did_here.txt
adhikari@ifarm1101> git status
On branch master
Changes not staged for commit:
  (use "git add <file>..." to update what will be committed)
  (use "git checkout -- <file>..." to discard changes in working directory)

        modified:   whatI_did_here.txt

Untracked files:
  (use "git add <file>..." to include in what will be committed)

        whatI_did_here.txt~

no changes added to commit (use "git add" and/or "git commit -a")
adhikari@ifarm1101>
